<html>
<body>
<pre>
<h1>�Vision Build Log</h1>
<h2>Tool Versions:</h2>
IDE-Version: ��Vision V5.14.0.0
Copyright (C) 2015 ARM Ltd and ARM Germany GmbH. All rights reserved.
License Information: 111 8613820, HP Inc., LIC=----
 
Tool Versions:
Toolchain:       MDK-Lite  Version: 5.14.0.0
Toolchain Path:  D:\ALL_SOFTWARE\Keil_v5\ARM\ARMCC\Bin
C Compiler:      Armcc.exe V5.05 update 1 (build 106)
Assembler:       Armasm.exe V5.05 update 1 (build 106)
Linker/Locator:  ArmLink.exe V5.05 update 1 (build 106)
Library Manager: ArmAr.exe V5.05 update 1 (build 106)
Hex Converter:   FromElf.exe V5.05 update 1 (build 106)
CPU DLL:         SARMCM3.DLL V5.14.0.0
Dialog DLL:      DCM.DLL V1.13.1.0
Target DLL:      CMSIS_AGDI.dll V1.21.0.0
Dialog DLL:      TCM.DLL V1.14.4.0
 
<h2>Project:</h2>
D:\Experiment_20260604\MCU_OPA544_v2_e11_f4\USER\EightChannel_Switching.uvprojx
Project File Date:  02/04/2026

<h2>Output:</h2>
Build target 'EightChannel_Switching'
compiling main.c...
compiling stm32f4xx_it.c...
compiling system_stm32f4xx.c...
compiling stm32f4xx_hal_msp.c...
compiling Measure.c...
assembling startup_stm32f407xx.s...
compiling stm32f4xx_hal.c...
compiling stm32f4xx_hal_adc.c...
compiling stm32f4xx_hal_adc_ex.c...
compiling stm32f4xx_hal_can.c...
compiling stm32f4xx_hal_cec.c...
compiling stm32f4xx_hal_cortex.c...
compiling stm32f4xx_hal_crc.c...
compiling stm32f4xx_hal_cryp.c...
compiling stm32f4xx_hal_cryp_ex.c...
compiling stm32f4xx_hal_dac.c...
compiling stm32f4xx_hal_dac_ex.c...
compiling stm32f4xx_hal_dcmi.c...
compiling stm32f4xx_hal_dcmi_ex.c...
compiling stm32f4xx_hal_dma.c...
compiling stm32f4xx_hal_dma_ex.c...
compiling stm32f4xx_hal_eth.c...
compiling stm32f4xx_hal_flash.c...
compiling stm32f4xx_hal_flash_ex.c...
compiling stm32f4xx_hal_flash_ramfunc.c...
compiling stm32f4xx_hal_gpio.c...
compiling stm32f4xx_hal_hcd.c...
compiling stm32f4xx_hal_i2c.c...
compiling stm32f4xx_hal_i2c_ex.c...
compiling stm32f4xx_hal_i2s.c...
compiling stm32f4xx_hal_i2s_ex.c...
compiling stm32f4xx_hal_irda.c...
compiling stm32f4xx_hal_iwdg.c...
compiling stm32f4xx_hal_mmc.c...
compiling stm32f4xx_hal_nand.c...
compiling stm32f4xx_hal_nor.c...
compiling stm32f4xx_hal_pccard.c...
compiling stm32f4xx_hal_pcd.c...
compiling stm32f4xx_hal_pcd_ex.c...
compiling stm32f4xx_hal_pwr.c...
compiling stm32f4xx_hal_pwr_ex.c...
compiling stm32f4xx_hal_rcc.c...
compiling stm32f4xx_hal_rcc_ex.c...
compiling stm32f4xx_hal_rng.c...
compiling stm32f4xx_hal_rtc.c...
compiling stm32f4xx_hal_rtc_ex.c...
compiling stm32f4xx_hal_sd.c...
compiling stm32f4xx_hal_smartcard.c...
compiling stm32f4xx_hal_spi.c...
compiling stm32f4xx_hal_sram.c...
compiling stm32f4xx_hal_tim.c...
compiling stm32f4xx_hal_tim_ex.c...
compiling stm32f4xx_hal_uart.c...
compiling stm32f4xx_hal_usart.c...
compiling stm32f4xx_hal_wwdg.c...
compiling stm32f4xx_ll_sdmmc.c...
compiling stm32f4xx_ll_usb.c...
compiling stm32f4xx_ll_fsmc.c...
compiling delay.c...
compiling sys.c...
compiling TIM_Init.c...
compiling TIM2_Init.c...
compiling GPIO_Init.c...
compiling HC595_GPIO_Init.c...
compiling KeyBoardKey_GPIO_Init.c...
compiling KeyBoardLED_GPIO_Init.c...
compiling ADC_GPIO_Init.c...
compiling DAC_GPIO_Init.c...
compiling CCS2GND_GPIO_Init.c...
compiling LTC6373_GPIO_Init.c...
compiling MeasureDirection_GPIO_Init.c...
compiling EXTI_Init.c...
compiling EXTI1_Interrupt.c...
compiling EXTI4_Interrupt.c...
compiling EXTI6_Interrupt.c...
compiling EXTI2_Interrupt.c...
..\EXTI\EXTI2_Interrupt.c(10): warning:  #223-D: function "Protocol_SendPacket" declared implicitly
        Protocol_SendPacket(&Message, 1);       
..\EXTI\EXTI2_Interrupt.c: 1 warning, 0 errors
compiling EXTI13_Interrupt.c...
compiling EXTI14_Interrupt.c...
compiling Function_ADC_Init.c...
..\ADC\Function_ADC_Init.c(22): warning:  #177-D: variable "CMR3_Init" was declared but never referenced
        uint8_t CMR3_Init[2] = {0x04,0x02};     // 0000 0010,不使用偏置电�?不使用参考电�?800000H~7FFFFFH,单极,M2L,MSB,SDOUT(2025.09.05
..\ADC\Function_ADC_Init.c(23): warning:  #177-D: variable "CMR2_Init" was declared but never referenced
        uint8_t CMR2_Init[2] = {0x05,0x00}; // 0000 0000,正常工作,增益�?,通道�?
..\ADC\Function_ADC_Init.c(24): warning:  #177-D: variable "CMR1_Init" was declared but never referenced
        uint8_t CMR1_Init[2] = {0x06,0x40};     // 0110 0000,Turbo速率4,采样�?94
..\ADC\Function_ADC_Init.c(25): warning:  #177-D: variable "CMR0_Init" was declared but never referenced
        uint8_t CMR0_Init[2] = {0x07,0xC2};     // 1100 0010,采样�?94
..\ADC\Function_ADC_Init.c(73): warning:  #177-D: variable "CMR3_Init" was declared but never referenced
        uint8_t CMR3_Init[2] = {0x04,0x02};     // 0000 0010,不使用偏置电�?不使用参考电�?800000H~7FFFFFH,单极,M2L,MSB,SDOUT(2025.09.05
..\ADC\Function_ADC_Init.c(74): warning:  #177-D: variable "CMR2_Init" was declared but never referenced
        uint8_t CMR2_Init[2] = {0x05,0x00}; // 0000 0000,正常工作,增益�?,通道�?
..\ADC\Function_ADC_Init.c(75): warning:  #177-D: variable "CMR1_Init" was declared but never referenced
        uint8_t CMR1_Init[2] = {0x06,0x40};     // 0110 0000,Turbo速率4,采样�?94
..\ADC\Function_ADC_Init.c(76): warning:  #177-D: variable "CMR0_Init" was declared but never referenced
        uint8_t CMR0_Init[2] = {0x07,0xC2};     // 1100 0010,采样�?94
..\ADC\Function_ADC_Init.c: 8 warnings, 0 errors
compiling Function_ADC_Read.c...
compiling Function_ADC_Gain.c...
compiling Function_DAC.c...
compiling SPI_Init.c...
compiling SPI1_Init.c...
compiling SPI2_Init.c...
compiling SPI3_Init.c...
compiling Answer_Handler.c...
..\COMM\Answer_Handler.c(101): warning:  #1-D: last line of file ends without a newline
  }
..\COMM\Answer_Handler.c: 1 warning, 0 errors
compiling Command_Handler.c...
compiling Process_USART1.c...
compiling Protocol_CalcCRC16.c...
compiling Protocol_SendPacket.c...
..\COMM\Protocol_SendPacket.c(23): warning:  #223-D: function "memcpy" declared implicitly
          memcpy(&tx_buffer[3], payload, payload_len);  // 把要发的存进�?          ^
..\COMM\Protocol_SendPacket.c: 1 warning, 0 errors
compiling USART.c...
compiling Auto_Select_Channel.c...
compiling Set_Current_Position.c...
compiling Set_Voltmeter1_Range.c...
compiling Set_Voltmeter2_Range.c...
linking...
Program Size: Code=13382 RO-data=450 RW-data=100 ZI-data=2044  
FromELF: creating hex file...
"..\OBJ\Template.axf" - 0 Error(s), 11 Warning(s).

<h2>Collection of Component include folders:</h2>
  D:\Experiment_20260604\MCU_OPA544_v2_e11_f4\USER\RTE
  D:\ALL_SOFTWARE\Keil_v5\ARM\PACK\Keil\STM32F4xx_DFP\1.0.8\Device\Include

<h2>Collection of Component Files used:</h2>
</pre>
</body>
</html>
